2026-02-26 11:24:28.635 [main] INFO  com.eone.coaextractor.Main - === S/4HANA Chart of Accounts Extractor ===
2026-02-26 11:24:28.647 [main] INFO  c.eone.coaextractor.config.AppConfig - Caricamento configurazione da: C:\Users\glini\git\Lamplast\s4-coa-extractor\config.properties
2026-02-26 11:24:28.656 [main] INFO  com.eone.coaextractor.Main - Configurazione caricata: AppConfig{s4BaseUrl='https://my434419-api.s4hana.cloud.sap', s4Username='COM_USER', chartOfAccounts='YCOA', language='IT', pageSize=500, outputDirectory=C:\temp\coa-export, outputFilenamePattern='coa_export_yyyyMMdd_HHmmss.csv'}
2026-02-26 11:24:29.244 [main] INFO  c.e.coaextractor.client.S4HanaClient - Avvio estrazione piano dei conti 'YCOA' in lingua 'IT'
2026-02-26 11:24:31.493 [main] INFO  c.e.coaextractor.client.S4HanaClient - Pagina 1: ricevuti 100 conti
2026-02-26 11:24:31.774 [main] INFO  c.e.coaextractor.client.S4HanaClient - Pagina 2: ricevuti 100 conti
2026-02-26 11:24:32.109 [main] INFO  c.e.coaextractor.client.S4HanaClient - Pagina 3: ricevuti 100 conti
2026-02-26 11:24:32.365 [main] INFO  c.e.coaextractor.client.S4HanaClient - Pagina 4: ricevuti 100 conti
2026-02-26 11:24:32.602 [main] INFO  c.e.coaextractor.client.S4HanaClient - Pagina 5: ricevuti 100 conti
2026-02-26 11:24:32.832 [main] INFO  c.e.coaextractor.client.S4HanaClient - Pagina 6: ricevuti 100 conti
2026-02-26 11:24:33.073 [main] INFO  c.e.coaextractor.client.S4HanaClient - Pagina 7: ricevuti 100 conti
2026-02-26 11:24:33.287 [main] INFO  c.e.coaextractor.client.S4HanaClient - Pagina 8: ricevuti 63 conti
2026-02-26 11:24:33.287 [main] INFO  c.e.coaextractor.client.S4HanaClient - Estrazione completata: 763 conti totali
2026-02-26 11:24:33.305 [main] INFO  c.eone.coaextractor.writer.CsvWriter - Scrittura 763 conti su: C:\temp\coa-export\coa_export_20260226_112433.csv
2026-02-26 11:24:33.314 [main] INFO  c.eone.coaextractor.writer.CsvWriter - CSV scritto correttamente: 763 righe
2026-02-26 11:24:33.315 [main] INFO  com.eone.coaextractor.Main - File CSV creato con successo: C:\temp\coa-export\coa_export_20260226_112433.csv
2026-02-26 11:24:33.315 [main] INFO  com.eone.coaextractor.Main - === Estrazione completata con successo ===
2026-02-26 11:43:40.947 [main] INFO  com.eone.coaextractor.Main - === S/4HANA Chart of Accounts Extractor ===
2026-02-26 11:43:40.952 [main] INFO  c.eone.coaextractor.config.AppConfig - Caricamento configurazione da: C:\Users\glini\git\Lamplast\s4-coa-extractor\config.properties
2026-02-26 11:43:40.956 [main] INFO  com.eone.coaextractor.Main - Configurazione caricata: AppConfig{s4BaseUrl='https://my428121-api.s4hana.cloud.sap', s4Username='BTP_USER_CONNECTION', companyCode='S001', chartOfAccounts='', language='IT', pageSize=500, outputDirectory=C:\temp\coa-export, outputFilenamePattern='coa_export_yyyyMMdd.csv'}
2026-02-26 11:43:41.490 [main] INFO  c.e.coaextractor.client.S4HanaClient - Avvio estrazione piano dei conti per società 'S001' in lingua 'IT'
2026-02-26 11:43:42.460 [main] ERROR com.eone.coaextractor.Main - Errore durante l'estrazione da S/4HANA: Autenticazione fallita (HTTP 401). Verificare username/password in config.properties.
2026-02-26 11:45:41.773 [main] INFO  com.eone.coaextractor.Main - === S/4HANA Chart of Accounts Extractor ===
2026-02-26 11:45:41.777 [main] INFO  c.eone.coaextractor.config.AppConfig - Caricamento configurazione da: C:\Users\glini\git\Lamplast\s4-coa-extractor\config.properties
2026-02-26 11:45:41.780 [main] INFO  com.eone.coaextractor.Main - Configurazione caricata: AppConfig{s4BaseUrl='https://my428121-api.s4hana.cloud.sap', s4Username='COM_USER', companyCode='S001', chartOfAccounts='', language='IT', pageSize=500, outputDirectory=C:\temp\coa-export, outputFilenamePattern='coa_export_yyyyMMdd.csv'}
2026-02-26 11:45:42.321 [main] INFO  c.e.coaextractor.client.S4HanaClient - Avvio estrazione piano dei conti per società 'S001' in lingua 'IT'
2026-02-26 11:45:44.374 [main] ERROR com.eone.coaextractor.Main - Errore durante l'estrazione da S/4HANA: Autenticazione fallita (HTTP 401). Verificare username/password in config.properties.
2026-02-26 11:54:25.313 [main] INFO  com.eone.coaextractor.Main - === S/4HANA Chart of Accounts Extractor ===
2026-02-26 11:54:25.320 [main] INFO  c.eone.coaextractor.config.AppConfig - Caricamento configurazione da: C:\Users\glini\git\Lamplast\s4-coa-extractor\config.properties
2026-02-26 11:54:25.323 [main] INFO  com.eone.coaextractor.Main - Configurazione caricata: AppConfig{s4BaseUrl='https://my434419-api.s4hana.cloud.sap', s4Username='COM_USER', companyCode='S001', chartOfAccounts='', language='IT', pageSize=500, outputDirectory=C:\temp\coa-export, outputFilenamePattern='coa_export_yyyyMMdd.csv'}
2026-02-26 11:54:25.728 [main] INFO  c.e.coaextractor.client.S4HanaClient - Avvio estrazione piano dei conti per società 'S001' in lingua 'IT'
2026-02-26 11:54:26.382 [main] ERROR com.eone.coaextractor.Main - Errore durante l'estrazione da S/4HANA: Accesso negato (HTTP 403). Verificare che l'utente sia associato al Communication Arrangement con scenario ZPDC_COA_SCENARIO.
