2026-02-18 16:54:54.598 [main] INFO  com.example.coaextractor.Main - === S/4HANA Chart of Accounts Extractor ===
2026-02-18 16:54:54.602 [main] INFO  c.e.coaextractor.config.AppConfig - Caricamento configurazione da: C:\cc_eone\s4-coa-extractor\target\config.properties
2026-02-18 16:54:54.607 [main] INFO  com.example.coaextractor.Main - Configurazione caricata: AppConfig{s4BaseUrl='https://my428121-api.s4hana.cloud.sap', s4Username='BTP_USER_CONNECTION', chartOfAccounts='YCOA', language='IT', pageSize=500, outputDirectory=C:\temp\coa-export, outputFilenamePattern='coa_export_yyyyMMdd_HHmm.csv'}
2026-02-18 16:54:55.537 [main] INFO  c.e.coaextractor.client.S4HanaClient - Avvio estrazione piano dei conti 'YCOA' in lingua 'IT'
2026-02-18 16:55:00.400 [main] INFO  c.e.coaextractor.client.S4HanaClient - Pagina 1: ricevuti 500 conti
2026-02-18 16:55:00.401 [main] INFO  c.e.coaextractor.client.S4HanaClient - Estrazione completata: 500 conti totali
2026-02-18 16:55:00.405 [main] INFO  c.e.coaextractor.writer.CsvWriter - Scrittura 500 conti su: C:\temp\coa-export\coa_export_20260218_1655.csv
2026-02-18 16:55:00.411 [main] INFO  c.e.coaextractor.writer.CsvWriter - CSV scritto correttamente: 500 righe
2026-02-18 16:55:00.412 [main] INFO  com.example.coaextractor.Main - File CSV creato con successo: C:\temp\coa-export\coa_export_20260218_1655.csv
2026-02-18 16:55:00.412 [main] INFO  com.example.coaextractor.Main - === Estrazione completata con successo ===
2026-02-18 16:55:06.888 [main] INFO  com.example.coaextractor.Main - === S/4HANA Chart of Accounts Extractor ===
2026-02-18 16:55:06.892 [main] INFO  c.e.coaextractor.config.AppConfig - Caricamento configurazione da: C:\cc_eone\s4-coa-extractor\target\config.properties
2026-02-18 16:55:06.894 [main] INFO  com.example.coaextractor.Main - Configurazione caricata: AppConfig{s4BaseUrl='https://my428121-api.s4hana.cloud.sap', s4Username='BTP_USER_CONNECTION', chartOfAccounts='YCOA', language='IT', pageSize=500, outputDirectory=C:\temp\coa-export, outputFilenamePattern='coa_export_yyyyMMdd_HHmm.csv'}
2026-02-18 16:55:07.313 [main] INFO  c.e.coaextractor.client.S4HanaClient - Avvio estrazione piano dei conti 'YCOA' in lingua 'IT'
2026-02-18 16:55:08.362 [main] INFO  c.e.coaextractor.client.S4HanaClient - Pagina 1: ricevuti 500 conti
2026-02-18 16:55:08.363 [main] INFO  c.e.coaextractor.client.S4HanaClient - Estrazione completata: 500 conti totali
2026-02-18 16:55:08.367 [main] INFO  c.e.coaextractor.writer.CsvWriter - Scrittura 500 conti su: C:\temp\coa-export\coa_export_20260218_1655.csv
2026-02-18 16:55:08.382 [main] INFO  c.e.coaextractor.writer.CsvWriter - CSV scritto correttamente: 500 righe
2026-02-18 16:55:08.383 [main] INFO  com.example.coaextractor.Main - File CSV creato con successo: C:\temp\coa-export\coa_export_20260218_1655.csv
2026-02-18 16:55:08.384 [main] INFO  com.example.coaextractor.Main - === Estrazione completata con successo ===
2026-02-18 16:55:34.430 [main] INFO  com.example.coaextractor.Main - === S/4HANA Chart of Accounts Extractor ===
2026-02-18 16:55:34.433 [main] INFO  c.e.coaextractor.config.AppConfig - Caricamento configurazione da: C:\cc_eone\s4-coa-extractor\target\config.properties
2026-02-18 16:55:34.435 [main] INFO  com.example.coaextractor.Main - Configurazione caricata: AppConfig{s4BaseUrl='https://my428121-api.s4hana.cloud.sap', s4Username='BTP_USER_CONNECTION', chartOfAccounts='YCOA', language='IT', pageSize=500, outputDirectory=C:\temp\coa-export, outputFilenamePattern='coa_export_yyyyMMdd_HHmm.csv'}
2026-02-18 16:55:34.829 [main] INFO  c.e.coaextractor.client.S4HanaClient - Avvio estrazione piano dei conti 'YCOA' in lingua 'IT'
2026-02-18 16:55:35.507 [main] INFO  c.e.coaextractor.client.S4HanaClient - Pagina 1: ricevuti 500 conti
2026-02-18 16:55:35.508 [main] INFO  c.e.coaextractor.client.S4HanaClient - Estrazione completata: 500 conti totali
2026-02-18 16:55:35.511 [main] INFO  c.e.coaextractor.writer.CsvWriter - Scrittura 500 conti su: C:\temp\coa-export\coa_export_20260218_1655.csv
2026-02-18 16:55:35.522 [main] INFO  c.e.coaextractor.writer.CsvWriter - CSV scritto correttamente: 500 righe
2026-02-18 16:55:35.523 [main] INFO  com.example.coaextractor.Main - File CSV creato con successo: C:\temp\coa-export\coa_export_20260218_1655.csv
2026-02-18 16:55:35.526 [main] INFO  com.example.coaextractor.Main - === Estrazione completata con successo ===
2026-02-18 16:56:02.445 [main] INFO  com.example.coaextractor.Main - === S/4HANA Chart of Accounts Extractor ===
2026-02-18 16:56:02.448 [main] INFO  c.e.coaextractor.config.AppConfig - Caricamento configurazione da: C:\cc_eone\s4-coa-extractor\target\config.properties
2026-02-18 16:56:02.451 [main] INFO  com.example.coaextractor.Main - Configurazione caricata: AppConfig{s4BaseUrl='https://my428121-api.s4hana.cloud.sap', s4Username='BTP_USER_CONNECTION', chartOfAccounts='YCOA', language='IT', pageSize=500, outputDirectory=C:\temp\coa-export, outputFilenamePattern='coa_export_yyyyMMdd_HHmm.csv'}
2026-02-18 16:56:02.878 [main] INFO  c.e.coaextractor.client.S4HanaClient - Avvio estrazione piano dei conti 'YCOA' in lingua 'IT'
2026-02-18 16:56:03.583 [main] INFO  c.e.coaextractor.client.S4HanaClient - Pagina 1: ricevuti 500 conti
2026-02-18 16:56:03.583 [main] INFO  c.e.coaextractor.client.S4HanaClient - Estrazione completata: 500 conti totali
2026-02-18 16:56:03.588 [main] INFO  c.e.coaextractor.writer.CsvWriter - Scrittura 500 conti su: C:\temp\coa-export\coa_export_20260218_1656.csv
2026-02-18 16:56:03.592 [main] INFO  c.e.coaextractor.writer.CsvWriter - CSV scritto correttamente: 500 righe
2026-02-18 16:56:03.593 [main] INFO  com.example.coaextractor.Main - File CSV creato con successo: C:\temp\coa-export\coa_export_20260218_1656.csv
2026-02-18 16:56:03.594 [main] INFO  com.example.coaextractor.Main - === Estrazione completata con successo ===
2026-02-18 16:56:50.594 [main] INFO  com.example.coaextractor.Main - === S/4HANA Chart of Accounts Extractor ===
2026-02-18 16:56:50.598 [main] INFO  c.e.coaextractor.config.AppConfig - Caricamento configurazione da: C:\cc_eone\s4-coa-extractor\target\config.properties
2026-02-18 16:56:50.602 [main] INFO  com.example.coaextractor.Main - Configurazione caricata: AppConfig{s4BaseUrl='https://my428121-api.s4hana.cloud.sap', s4Username='BTP_USER_CONNECTION', chartOfAccounts='YCOA', language='IT', pageSize=500, outputDirectory=C:\temp\coa-export, outputFilenamePattern='coa_export_yyyyMMdd_HHmm.csv'}
2026-02-18 16:56:51.017 [main] INFO  c.e.coaextractor.client.S4HanaClient - Avvio estrazione piano dei conti 'YCOA' in lingua 'IT'
2026-02-18 16:56:51.739 [main] INFO  c.e.coaextractor.client.S4HanaClient - Pagina 1: ricevuti 500 conti
2026-02-18 16:56:51.739 [main] INFO  c.e.coaextractor.client.S4HanaClient - Estrazione completata: 500 conti totali
2026-02-18 16:56:51.744 [main] INFO  c.e.coaextractor.writer.CsvWriter - Scrittura 500 conti su: C:\temp\coa-export\coa_export_20260218_1656.csv
2026-02-18 16:56:51.756 [main] INFO  c.e.coaextractor.writer.CsvWriter - CSV scritto correttamente: 500 righe
2026-02-18 16:56:51.757 [main] INFO  com.example.coaextractor.Main - File CSV creato con successo: C:\temp\coa-export\coa_export_20260218_1656.csv
2026-02-18 16:56:51.757 [main] INFO  com.example.coaextractor.Main - === Estrazione completata con successo ===
2026-02-18 16:58:08.043 [main] INFO  com.example.coaextractor.Main - === S/4HANA Chart of Accounts Extractor ===
2026-02-18 16:58:08.047 [main] INFO  c.e.coaextractor.config.AppConfig - Caricamento configurazione da: C:\cc_eone\s4-coa-extractor\target\config.properties
2026-02-18 16:58:08.050 [main] INFO  com.example.coaextractor.Main - Configurazione caricata: AppConfig{s4BaseUrl='https://my428121-api.s4hana.cloud.sap', s4Username='BTP_USER_CONNECTION', chartOfAccounts='YCOA', language='IT', pageSize=500, outputDirectory=C:\temp\coa-export, outputFilenamePattern='coa_export_yyyyMMdd_HHmmss.csv'}
2026-02-18 16:58:08.484 [main] INFO  c.e.coaextractor.client.S4HanaClient - Avvio estrazione piano dei conti 'YCOA' in lingua 'IT'
2026-02-18 16:58:09.205 [main] INFO  c.e.coaextractor.client.S4HanaClient - Pagina 1: ricevuti 500 conti
2026-02-18 16:58:09.206 [main] INFO  c.e.coaextractor.client.S4HanaClient - Estrazione completata: 500 conti totali
2026-02-18 16:58:09.215 [main] INFO  c.e.coaextractor.writer.CsvWriter - Scrittura 500 conti su: C:\temp\coa-export\coa_export_20260218_165809.csv
2026-02-18 16:58:09.220 [main] INFO  c.e.coaextractor.writer.CsvWriter - CSV scritto correttamente: 500 righe
2026-02-18 16:58:09.222 [main] INFO  com.example.coaextractor.Main - File CSV creato con successo: C:\temp\coa-export\coa_export_20260218_165809.csv
2026-02-18 16:58:09.224 [main] INFO  com.example.coaextractor.Main - === Estrazione completata con successo ===
2026-02-18 16:58:16.770 [main] INFO  com.example.coaextractor.Main - === S/4HANA Chart of Accounts Extractor ===
2026-02-18 16:58:16.774 [main] INFO  c.e.coaextractor.config.AppConfig - Caricamento configurazione da: C:\cc_eone\s4-coa-extractor\target\config.properties
2026-02-18 16:58:16.776 [main] INFO  com.example.coaextractor.Main - Configurazione caricata: AppConfig{s4BaseUrl='https://my428121-api.s4hana.cloud.sap', s4Username='BTP_USER_CONNECTION', chartOfAccounts='YCOA', language='IT', pageSize=500, outputDirectory=C:\temp\coa-export, outputFilenamePattern='coa_export_yyyyMMdd_HHmmss.csv'}
2026-02-18 16:58:17.209 [main] INFO  c.e.coaextractor.client.S4HanaClient - Avvio estrazione piano dei conti 'YCOA' in lingua 'IT'
2026-02-18 16:58:18.682 [main] INFO  c.e.coaextractor.client.S4HanaClient - Pagina 1: ricevuti 500 conti
2026-02-18 16:58:18.683 [main] INFO  c.e.coaextractor.client.S4HanaClient - Estrazione completata: 500 conti totali
2026-02-18 16:58:18.689 [main] INFO  c.e.coaextractor.writer.CsvWriter - Scrittura 500 conti su: C:\temp\coa-export\coa_export_20260218_165818.csv
2026-02-18 16:58:18.693 [main] INFO  c.e.coaextractor.writer.CsvWriter - CSV scritto correttamente: 500 righe
2026-02-18 16:58:18.694 [main] INFO  com.example.coaextractor.Main - File CSV creato con successo: C:\temp\coa-export\coa_export_20260218_165818.csv
2026-02-18 16:58:18.694 [main] INFO  com.example.coaextractor.Main - === Estrazione completata con successo ===
2026-02-18 16:58:21.232 [main] INFO  com.example.coaextractor.Main - === S/4HANA Chart of Accounts Extractor ===
2026-02-18 16:58:21.238 [main] INFO  c.e.coaextractor.config.AppConfig - Caricamento configurazione da: C:\cc_eone\s4-coa-extractor\target\config.properties
2026-02-18 16:58:21.241 [main] INFO  com.example.coaextractor.Main - Configurazione caricata: AppConfig{s4BaseUrl='https://my428121-api.s4hana.cloud.sap', s4Username='BTP_USER_CONNECTION', chartOfAccounts='YCOA', language='IT', pageSize=500, outputDirectory=C:\temp\coa-export, outputFilenamePattern='coa_export_yyyyMMdd_HHmmss.csv'}
2026-02-18 16:58:21.695 [main] INFO  c.e.coaextractor.client.S4HanaClient - Avvio estrazione piano dei conti 'YCOA' in lingua 'IT'
2026-02-18 16:58:23.273 [main] INFO  c.e.coaextractor.client.S4HanaClient - Pagina 1: ricevuti 500 conti
2026-02-18 16:58:23.274 [main] INFO  c.e.coaextractor.client.S4HanaClient - Estrazione completata: 500 conti totali
2026-02-18 16:58:23.279 [main] INFO  c.e.coaextractor.writer.CsvWriter - Scrittura 500 conti su: C:\temp\coa-export\coa_export_20260218_165823.csv
2026-02-18 16:58:23.289 [main] INFO  c.e.coaextractor.writer.CsvWriter - CSV scritto correttamente: 500 righe
2026-02-18 16:58:23.291 [main] INFO  com.example.coaextractor.Main - File CSV creato con successo: C:\temp\coa-export\coa_export_20260218_165823.csv
2026-02-18 16:58:23.291 [main] INFO  com.example.coaextractor.Main - === Estrazione completata con successo ===
2026-02-18 16:58:29.223 [main] INFO  com.example.coaextractor.Main - === S/4HANA Chart of Accounts Extractor ===
2026-02-18 16:58:29.228 [main] INFO  c.e.coaextractor.config.AppConfig - Caricamento configurazione da: C:\cc_eone\s4-coa-extractor\target\config.properties
2026-02-18 16:58:29.231 [main] INFO  com.example.coaextractor.Main - Configurazione caricata: AppConfig{s4BaseUrl='https://my428121-api.s4hana.cloud.sap', s4Username='BTP_USER_CONNECTION', chartOfAccounts='YCOA', language='IT', pageSize=500, outputDirectory=C:\temp\coa-export, outputFilenamePattern='coa_export_yyyyMMdd_HHmmss.csv'}
2026-02-18 16:58:29.678 [main] INFO  c.e.coaextractor.client.S4HanaClient - Avvio estrazione piano dei conti 'YCOA' in lingua 'IT'
2026-02-18 16:58:30.400 [main] INFO  c.e.coaextractor.client.S4HanaClient - Pagina 1: ricevuti 500 conti
2026-02-18 16:58:30.400 [main] INFO  c.e.coaextractor.client.S4HanaClient - Estrazione completata: 500 conti totali
2026-02-18 16:58:30.408 [main] INFO  c.e.coaextractor.writer.CsvWriter - Scrittura 500 conti su: C:\temp\coa-export\coa_export_20260218_165830.csv
2026-02-18 16:58:30.413 [main] INFO  c.e.coaextractor.writer.CsvWriter - CSV scritto correttamente: 500 righe
2026-02-18 16:58:30.414 [main] INFO  com.example.coaextractor.Main - File CSV creato con successo: C:\temp\coa-export\coa_export_20260218_165830.csv
2026-02-18 16:58:30.415 [main] INFO  com.example.coaextractor.Main - === Estrazione completata con successo ===
2026-02-18 16:58:31.543 [main] INFO  com.example.coaextractor.Main - === S/4HANA Chart of Accounts Extractor ===
2026-02-18 16:58:31.547 [main] INFO  c.e.coaextractor.config.AppConfig - Caricamento configurazione da: C:\cc_eone\s4-coa-extractor\target\config.properties
2026-02-18 16:58:31.549 [main] INFO  com.example.coaextractor.Main - Configurazione caricata: AppConfig{s4BaseUrl='https://my428121-api.s4hana.cloud.sap', s4Username='BTP_USER_CONNECTION', chartOfAccounts='YCOA', language='IT', pageSize=500, outputDirectory=C:\temp\coa-export, outputFilenamePattern='coa_export_yyyyMMdd_HHmmss.csv'}
2026-02-18 16:58:31.998 [main] INFO  c.e.coaextractor.client.S4HanaClient - Avvio estrazione piano dei conti 'YCOA' in lingua 'IT'
2026-02-18 16:58:32.729 [main] INFO  c.e.coaextractor.client.S4HanaClient - Pagina 1: ricevuti 500 conti
2026-02-18 16:58:32.730 [main] INFO  c.e.coaextractor.client.S4HanaClient - Estrazione completata: 500 conti totali
2026-02-18 16:58:32.734 [main] INFO  c.e.coaextractor.writer.CsvWriter - Scrittura 500 conti su: C:\temp\coa-export\coa_export_20260218_165832.csv
2026-02-18 16:58:32.739 [main] INFO  c.e.coaextractor.writer.CsvWriter - CSV scritto correttamente: 500 righe
2026-02-18 16:58:32.740 [main] INFO  com.example.coaextractor.Main - File CSV creato con successo: C:\temp\coa-export\coa_export_20260218_165832.csv
2026-02-18 16:58:32.740 [main] INFO  com.example.coaextractor.Main - === Estrazione completata con successo ===
2026-02-18 16:58:35.403 [main] INFO  com.example.coaextractor.Main - === S/4HANA Chart of Accounts Extractor ===
2026-02-18 16:58:35.407 [main] INFO  c.e.coaextractor.config.AppConfig - Caricamento configurazione da: C:\cc_eone\s4-coa-extractor\target\config.properties
2026-02-18 16:58:35.410 [main] INFO  com.example.coaextractor.Main - Configurazione caricata: AppConfig{s4BaseUrl='https://my428121-api.s4hana.cloud.sap', s4Username='BTP_USER_CONNECTION', chartOfAccounts='YCOA', language='IT', pageSize=500, outputDirectory=C:\temp\coa-export, outputFilenamePattern='coa_export_yyyyMMdd_HHmmss.csv'}
2026-02-18 16:58:35.884 [main] INFO  c.e.coaextractor.client.S4HanaClient - Avvio estrazione piano dei conti 'YCOA' in lingua 'IT'
2026-02-18 16:58:36.639 [main] INFO  c.e.coaextractor.client.S4HanaClient - Pagina 1: ricevuti 500 conti
2026-02-18 16:58:36.639 [main] INFO  c.e.coaextractor.client.S4HanaClient - Estrazione completata: 500 conti totali
2026-02-18 16:58:36.645 [main] INFO  c.e.coaextractor.writer.CsvWriter - Scrittura 500 conti su: C:\temp\coa-export\coa_export_20260218_165836.csv
2026-02-18 16:58:36.651 [main] INFO  c.e.coaextractor.writer.CsvWriter - CSV scritto correttamente: 500 righe
2026-02-18 16:58:36.653 [main] INFO  com.example.coaextractor.Main - File CSV creato con successo: C:\temp\coa-export\coa_export_20260218_165836.csv
2026-02-18 16:58:36.654 [main] INFO  com.example.coaextractor.Main - === Estrazione completata con successo ===
2026-02-18 19:14:36.320 [main] INFO  com.example.coaextractor.Main - === S/4HANA Chart of Accounts Extractor ===
2026-02-18 19:14:36.328 [main] INFO  c.e.coaextractor.config.AppConfig - Caricamento configurazione da: C:\cc_eone\s4-coa-extractor\target\config.properties
2026-02-18 19:14:36.341 [main] INFO  com.example.coaextractor.Main - Configurazione caricata: AppConfig{s4BaseUrl='https://my428121-api.s4hana.cloud.sap', s4Username='BTP_USER_CONNECTION', chartOfAccounts='YCOA', language='IT', pageSize=500, outputDirectory=C:\temp\coa-export, outputFilenamePattern='coa_export_yyyyMMdd_HHmmss.csv'}
2026-02-18 19:14:36.984 [main] INFO  c.e.coaextractor.client.S4HanaClient - Avvio estrazione piano dei conti 'YCOA' in lingua 'IT'
2026-02-18 19:14:38.035 [main] INFO  c.e.coaextractor.client.S4HanaClient - Pagina 1: ricevuti 500 conti
2026-02-18 19:14:38.036 [main] INFO  c.e.coaextractor.client.S4HanaClient - Estrazione completata: 500 conti totali
2026-02-18 19:14:38.053 [main] INFO  c.e.coaextractor.writer.CsvWriter - Scrittura 500 conti su: C:\temp\coa-export\coa_export_20260218_191438.csv
2026-02-18 19:14:38.103 [main] INFO  c.e.coaextractor.writer.CsvWriter - CSV scritto correttamente: 500 righe
2026-02-18 19:14:38.104 [main] INFO  com.example.coaextractor.Main - File CSV creato con successo: C:\temp\coa-export\coa_export_20260218_191438.csv
2026-02-18 19:14:38.106 [main] INFO  com.example.coaextractor.Main - === Estrazione completata con successo ===
